error: Potentially invalid expansion. Expected an identifier, a literal, `if`, a `[`.
 --> tests/ui/fail/python_power_operator.rs:5:14
  |
5 |         $e * *$e
  |              ^
